/**
 * 
 *
 * @mixin \Eloquent
 * @mixin \Illuminate\Database\Eloquent\Builder
 * @mixin \Illuminate\Database\Query\Builder
 */
abstract class Model implements